// Jest Snapshot v1, https://goo.gl/fbAQLP

exports[`User Profile When there is a normal user should redirect to home page 1`] = `
Array [
  <div
    className="nav-bg"
  >
    <div
      className="nav-bar container"
    >
      <div
        className="nav-group-logo"
      >
        <a
          aria-current="page"
          className="nav-link nav-title active"
          href="/"
          onClick={[Function]}
          style={Object {}}
        >
          Bookkers
        </a>
      </div>
      <div
        className="nav-group"
      >
        <a
          aria-current={null}
          className="nav-link"
          href="/session-profile"
          onClick={[Function]}
        >
          Profile
        </a>
        <a
          aria-current={null}
          className="nav-link"
          href="/books/new"
          onClick={[Function]}
        >
          Add book
        </a>
        <button
          className="nav-button"
          onClick={[Function]}
          type="button"
        >
          Log out
        </button>
      </div>
    </div>
  </div>,
  <div>
    <div
      className="head-container"
    >
      <div
        className="logo-container"
      >
        <img
          alt="LOGO"
          className="logo"
          src="logo.png"
        />
      </div>
      <div
        className="welcome-container"
      >
        <h2>
          Welcome 
          testFirstName
           to Bookers
        </h2>
        <p>
          Bookkers es una red social que permite a sus usuarios publicar, calificar, recomendar y ver las recomendaciones que otros usuarios han hecho respecto a los libros ingresados a la aplicación.
        </p>
      </div>
    </div>
    <div
      className="container"
    >
      <h2>
        Books
      </h2>
      <p>
        (0 , _calls.getBooksRoute) is not a function
      </p>
      <div
        className="books-collection"
      />
      <div
        className="page-set"
      >
        <button
          className="page-button"
          disabled={true}
          onClick={[Function]}
          type="button"
        >
          Back
        </button>
        <p
          className="pages"
        >
          1 : 1
        </p>
        <button
          className="page-button"
          disabled={true}
          onClick={[Function]}
          type="button"
        >
          Next
        </button>
      </div>
    </div>
  </div>,
]
`;

exports[`User Profile When there is an admin user should renders the edit book page 1`] = `
Array [
  <div
    className="nav-bg"
  >
    <div
      className="nav-bar container"
    >
      <div
        className="nav-group-logo"
      >
        <a
          aria-current="page"
          className="nav-link nav-title active"
          href="/"
          onClick={[Function]}
          style={Object {}}
        >
          Bookkers
        </a>
      </div>
      <div
        className="nav-group"
      >
        <a
          aria-current={null}
          className="nav-link"
          href="/session-profile"
          onClick={[Function]}
        >
          Profile
        </a>
        <a
          aria-current={null}
          className="nav-link"
          href="/books/new"
          onClick={[Function]}
        >
          Add book
        </a>
        <button
          className="nav-button"
          onClick={[Function]}
          type="button"
        >
          Log out
        </button>
      </div>
    </div>
  </div>,
  <div>
    <form
      action="#"
      className="form-box"
      onReset={[Function]}
      onSubmit={[Function]}
    >
      <h2>
        Update book: 
        book
      </h2>
      <div
        className="form-group"
      >
        <div
          className="label-container"
        >
          <label
            htmlFor="name"
          >
            Name:
          </label>
        </div>
        <div
          className="field-container"
        >
          <input
            name="name"
            onBlur={[Function]}
            onChange={[Function]}
            onInput={[Function]}
            value="book"
          />
        </div>
      </div>
      <div
        className="form-group"
      >
        <div
          className="label-container"
        >
          <label
            htmlFor="ISBN"
          >
            ISBN:
          </label>
        </div>
        <div
          className="field-container"
        >
          <input
            name="ISBN"
            onBlur={[Function]}
            onChange={[Function]}
            onInput={[Function]}
            value="988718927312"
          />
        </div>
      </div>
      <div
        className="form-group"
      >
        <div
          className="label-container"
        >
          <label
            htmlFor="editorial"
          >
            Editorial:
          </label>
        </div>
        <div
          className="field-container"
        >
          <input
            name="editorial"
            onBlur={[Function]}
            onChange={[Function]}
            onInput={[Function]}
            value="responseLastName2"
          />
        </div>
      </div>
      <div
        className="form-group"
      >
        <div
          className="label-container"
        >
          <label
            htmlFor="pages_number"
          >
            Pages number:
          </label>
        </div>
        <div
          className="field-container"
        >
          <input
            name="pages_number"
            onBlur={[Function]}
            onChange={[Function]}
            onInput={[Function]}
            value="response_test2@email.cl"
          />
        </div>
      </div>
      <div
        className="form-group"
      >
        <div
          className="label-container"
        >
          <label
            htmlFor="author"
          >
            Author:
          </label>
        </div>
        <div
          className="field-container"
        >
          <input
            name="author"
            onBlur={[Function]}
            onChange={[Function]}
            onInput={[Function]}
            value="responseDescription2"
          />
        </div>
      </div>
      <div
        className="form-group"
      >
        <div
          className="label-container"
        >
          <label
            htmlFor="genre"
          >
            Genre:
          </label>
        </div>
        <div
          className="field-container"
        >
          <select
            name="genre"
            onChange={[Function]}
            value="hola"
          >
            <option
              label="hola"
              value="hola"
            />
            <option
              label="Fantasy"
              value="Fantasy"
            />
            <option
              label="Adventure"
              value="Adventure"
            />
            <option
              label="Romance"
              value="Romance"
            />
            <option
              label="Contemporary"
              value="Contemporary"
            />
            <option
              label="Dystopian"
              value="Dystopian"
            />
            <option
              label="Mystery"
              value="Mystery"
            />
            <option
              label="Horror"
              value="Horror"
            />
            <option
              label="Thriller"
              value="Thriller"
            />
            <option
              label="Paranormal"
              value="Paranormal"
            />
            <option
              label="Science Fiction"
              value="Science Fiction"
            />
            <option
              label="Memoir"
              value="Memoir"
            />
            <option
              label="Cooking"
              value="Cooking"
            />
          </select>
        </div>
      </div>
      <div
        className="form-group"
      >
        <div
          className="label-container"
        >
          <label
            htmlFor="image"
          >
            Image (url):
          </label>
        </div>
        <div
          className="field-container"
        >
          <input
            name="image"
            onBlur={[Function]}
            onChange={[Function]}
            onInput={[Function]}
          />
        </div>
        <div
          className="img-preview"
        />
      </div>
      <div
        className="submit-container"
      >
        <button
          type="submit"
        >
          Edit Book
        </button>
      </div>
    </form>
  </div>,
]
`;
