// Jest Snapshot v1, https://goo.gl/fbAQLP

exports[`User Profile When the user owns the account should renders the edit user form 1`] = `
Array [
  <div
    className="nav-bg"
  >
    <div
      className="nav-bar container"
    >
      <div
        className="nav-group-logo"
      >
        <a
          aria-current="page"
          className="nav-link nav-title active"
          href="/"
          onClick={[Function]}
          style={Object {}}
        >
          Bookkers
        </a>
      </div>
      <div
        className="nav-group"
      >
        <a
          aria-current={null}
          className="nav-link"
          href="/session-profile"
          onClick={[Function]}
        >
          Profile
        </a>
        <a
          aria-current={null}
          className="nav-link"
          href="/books/new"
          onClick={[Function]}
        >
          Add book
        </a>
        <button
          className="nav-button"
          onClick={[Function]}
          type="button"
        >
          Log out
        </button>
      </div>
    </div>
  </div>,
  <div>
    <p />
    <form
      action="#"
      className="form-box"
      onReset={[Function]}
      onSubmit={[Function]}
    >
      <h2>
        Edit account
      </h2>
      <div
        className="form-group"
      >
        <div
          className="label-container"
        >
          <label
            htmlFor="username"
          >
            Username:
          </label>
        </div>
        <div
          className="field-container"
        >
          <input
            name="username"
            onBlur={[Function]}
            onChange={[Function]}
            onInput={[Function]}
            value="responseUsername2"
          />
        </div>
      </div>
      <div
        className="form-group"
      >
        <div
          className="label-container"
        >
          <label
            htmlFor="first_name"
          >
            First name:
          </label>
        </div>
        <div
          className="field-container"
        >
          <input
            name="first_name"
            onBlur={[Function]}
            onChange={[Function]}
            onInput={[Function]}
            value="responseFirstName2"
          />
        </div>
      </div>
      <div
        className="form-group"
      >
        <div
          className="label-container"
        >
          <label
            htmlFor="last_name"
          >
            Last name:
          </label>
        </div>
        <div
          className="field-container"
        >
          <input
            name="last_name"
            onBlur={[Function]}
            onChange={[Function]}
            onInput={[Function]}
            value="responseLastName2"
          />
        </div>
      </div>
      <div
        className="form-group"
      >
        <div
          className="label-container"
        >
          <label
            htmlFor="email"
          >
            Email:
          </label>
        </div>
        <div
          className="field-container"
        >
          <input
            name="email"
            onBlur={[Function]}
            onChange={[Function]}
            onInput={[Function]}
            type="email"
            value="response_test2@email.cl"
          />
        </div>
      </div>
      <div
        className="form-group"
      >
        <div
          className="label-container"
        >
          <label
            htmlFor="password"
          >
            Password:
          </label>
        </div>
        <div
          className="field-container"
        >
          <input
            name="password"
            onBlur={[Function]}
            onChange={[Function]}
            onInput={[Function]}
            type="password"
            value=""
          />
        </div>
      </div>
      <div
        className="form-group"
      >
        <div
          className="label-container"
        >
          <label
            htmlFor="confirm_password"
          >
            Confirm password:
          </label>
        </div>
        <div
          className="field-container"
        >
          <input
            name="confirm_password"
            onBlur={[Function]}
            onChange={[Function]}
            onInput={[Function]}
            type="password"
            value=""
          />
        </div>
      </div>
      <div
        className="form-group"
      >
        <div
          className="label-container"
        >
          <label
            htmlFor="profile_picture"
          >
            Profile picture:
          </label>
        </div>
        <div
          className="field-container"
        >
          <input
            name="profile_picture"
            onBlur={[Function]}
            onChange={[Function]}
            onInput={[Function]}
          />
        </div>
      </div>
      <div
        className="form-group"
      >
        <div
          className="label-container"
        >
          <label
            as="textarea"
            htmlFor="description"
          >
            Description:
          </label>
        </div>
        <div
          className="field-container"
        >
          <input
            name="description"
            onBlur={[Function]}
            onChange={[Function]}
            onInput={[Function]}
            value="responseDescription2"
          />
        </div>
      </div>
      <div
        className="submit-container"
      >
        <button
          type="submit"
        >
          Save changes
        </button>
      </div>
    </form>
    <p />
  </div>,
]
`;

exports[`User Profile When there is a normal user should redirect to home page 1`] = `
Array [
  <div
    className="nav-bg"
  >
    <div
      className="nav-bar container"
    >
      <div
        className="nav-group-logo"
      >
        <a
          aria-current="page"
          className="nav-link nav-title active"
          href="/"
          onClick={[Function]}
          style={Object {}}
        >
          Bookkers
        </a>
      </div>
      <div
        className="nav-group"
      >
        <a
          aria-current={null}
          className="nav-link"
          href="/session-profile"
          onClick={[Function]}
        >
          Profile
        </a>
        <a
          aria-current={null}
          className="nav-link"
          href="/books/new"
          onClick={[Function]}
        >
          Add book
        </a>
        <button
          className="nav-button"
          onClick={[Function]}
          type="button"
        >
          Log out
        </button>
      </div>
    </div>
  </div>,
  <div>
    <div
      className="head-container"
    >
      <div
        className="logo-container"
      >
        <img
          alt="LOGO"
          className="logo"
          src="logo.png"
        />
      </div>
      <div
        className="welcome-container"
      >
        <h2>
          Welcome 
          testFirstName
           to Bookers
        </h2>
        <p>
          Bookkers es una red social que permite a sus usuarios publicar, calificar, recomendar y ver las recomendaciones que otros usuarios han hecho respecto a los libros ingresados a la aplicación.
        </p>
      </div>
    </div>
    <div
      className="container"
    >
      <h2>
        Books
      </h2>
      <p>
        (0 , _calls.getBooksRoute) is not a function
      </p>
      <div
        className="books-collection"
      />
      <div
        className="page-set"
      >
        <button
          className="page-button"
          disabled={true}
          onClick={[Function]}
          type="button"
        >
          Back
        </button>
        <p
          className="pages"
        >
          1 : 1
        </p>
        <button
          className="page-button"
          disabled={true}
          onClick={[Function]}
          type="button"
        >
          Next
        </button>
      </div>
    </div>
  </div>,
]
`;

exports[`User Profile When there is an admin user should renders the edit user form 1`] = `
Array [
  <div
    className="nav-bg"
  >
    <div
      className="nav-bar container"
    >
      <div
        className="nav-group-logo"
      >
        <a
          aria-current="page"
          className="nav-link nav-title active"
          href="/"
          onClick={[Function]}
          style={Object {}}
        >
          Bookkers
        </a>
      </div>
      <div
        className="nav-group"
      >
        <a
          aria-current={null}
          className="nav-link"
          href="/session-profile"
          onClick={[Function]}
        >
          Profile
        </a>
        <a
          aria-current={null}
          className="nav-link"
          href="/books/new"
          onClick={[Function]}
        >
          Add book
        </a>
        <button
          className="nav-button"
          onClick={[Function]}
          type="button"
        >
          Log out
        </button>
      </div>
    </div>
  </div>,
  <div>
    <p />
    <form
      action="#"
      className="form-box"
      onReset={[Function]}
      onSubmit={[Function]}
    >
      <h2>
        Edit account
      </h2>
      <div
        className="form-group"
      >
        <div
          className="label-container"
        >
          <label
            htmlFor="username"
          >
            Username:
          </label>
        </div>
        <div
          className="field-container"
        >
          <input
            name="username"
            onBlur={[Function]}
            onChange={[Function]}
            onInput={[Function]}
            value="responseUsername2"
          />
        </div>
      </div>
      <div
        className="form-group"
      >
        <div
          className="label-container"
        >
          <label
            htmlFor="first_name"
          >
            First name:
          </label>
        </div>
        <div
          className="field-container"
        >
          <input
            name="first_name"
            onBlur={[Function]}
            onChange={[Function]}
            onInput={[Function]}
            value="responseFirstName2"
          />
        </div>
      </div>
      <div
        className="form-group"
      >
        <div
          className="label-container"
        >
          <label
            htmlFor="last_name"
          >
            Last name:
          </label>
        </div>
        <div
          className="field-container"
        >
          <input
            name="last_name"
            onBlur={[Function]}
            onChange={[Function]}
            onInput={[Function]}
            value="responseLastName2"
          />
        </div>
      </div>
      <div
        className="form-group"
      >
        <div
          className="label-container"
        >
          <label
            htmlFor="email"
          >
            Email:
          </label>
        </div>
        <div
          className="field-container"
        >
          <input
            name="email"
            onBlur={[Function]}
            onChange={[Function]}
            onInput={[Function]}
            type="email"
            value="response_test2@email.cl"
          />
        </div>
      </div>
      <div
        className="form-group"
      >
        <div
          className="label-container"
        >
          <label
            htmlFor="password"
          >
            Password:
          </label>
        </div>
        <div
          className="field-container"
        >
          <input
            name="password"
            onBlur={[Function]}
            onChange={[Function]}
            onInput={[Function]}
            type="password"
            value=""
          />
        </div>
      </div>
      <div
        className="form-group"
      >
        <div
          className="label-container"
        >
          <label
            htmlFor="confirm_password"
          >
            Confirm password:
          </label>
        </div>
        <div
          className="field-container"
        >
          <input
            name="confirm_password"
            onBlur={[Function]}
            onChange={[Function]}
            onInput={[Function]}
            type="password"
            value=""
          />
        </div>
      </div>
      <div
        className="form-group"
      >
        <div
          className="label-container"
        >
          <label
            htmlFor="profile_picture"
          >
            Profile picture:
          </label>
        </div>
        <div
          className="field-container"
        >
          <input
            name="profile_picture"
            onBlur={[Function]}
            onChange={[Function]}
            onInput={[Function]}
          />
        </div>
      </div>
      <div
        className="form-group"
      >
        <div
          className="label-container"
        >
          <label
            as="textarea"
            htmlFor="description"
          >
            Description:
          </label>
        </div>
        <div
          className="field-container"
        >
          <input
            name="description"
            onBlur={[Function]}
            onChange={[Function]}
            onInput={[Function]}
            value="responseDescription2"
          />
        </div>
      </div>
      <div
        className="submit-container"
      >
        <button
          type="submit"
        >
          Save changes
        </button>
      </div>
    </form>
    <p />
  </div>,
]
`;
